ROM Bank #0 (HOME):
  SECTION: $0040-$0040 ($0001 bytes) ["interrupt_vector"]
  SECTION: $0100-$3D90 ($3C91 bytes) ["start"]
           $3B5D = main
           $018B = div_DE_BC_DEBCu.noadd
           $0167 = div_DE_BC_DEBCu.nxtbit
           $019A = mul_DE_HL_BCDEu.mul2
           $01A0 = mul_DE_HL_BCDEu.mul3
           $01A6 = mul_DE_HL_BCDEu.mul4
           $01AC = mul_DE_HL_BCDEu.mul5
           $01B2 = mul_DE_HL_BCDEu.mul6
           $01B8 = mul_DE_HL_BCDEu.mul7
           $01BE = mul_DE_HL_BCDEu.mul8
           $01C4 = mul_DE_HL_BCDEu.mul9
           $01CF = mul_DE_HL_BCDEu.mul20
           $01D5 = mul_DE_HL_BCDEu.mul21
           $01DB = mul_DE_HL_BCDEu.mul22
           $01E1 = mul_DE_HL_BCDEu.mul23
           $01E7 = mul_DE_HL_BCDEu.mul24
           $01ED = mul_DE_HL_BCDEu.mul25
           $01F3 = mul_DE_HL_BCDEu.mul26
           $01F9 = mul_DE_HL_BCDEu.mul27
           $0208 = MULTAB
           $0423 = time_controlled_two_step_delay.inner_loop
           $0422 = time_controlled_two_step_delay.outer_loop
           $0482 = is_key_down.not_detected
           $048E = is_key_held.not_detected
           $04A2 = is_key_down_or_held.not_detected
           $04AE = is_key_up.not_detected
           $04BB = joypad_is_dpad_pressed.not_pressed
           $04D3 = tilecrt_load_tiles.check_second_byte
           $04E9 = tilecrt_load_tiles.skip_auto_placement
           $04EA = tilecrt_load_tiles.copy_tile
           $050D = display_wait_vblank.wait_vblank
           $0514 = display_wait_for_OAM.wait_oam
           $055D = clear_lcd
           $0533 = bgc_load_background_palette.load_palette_bytes
           $0529 = bgc_load_background_palette
           $056E = bgc_wait_for_VRAM
           $054A = bgc_load_palettes_for_fade.continue_loading
           $0561 = clear_lcd.wait_vblank
           $0572 = bgc_wait_for_VRAM.wait_for_vram
           $058F = bgc_fade_palettes_in.skip_update
           $0582 = bgc_fade_palettes_in.continue_fading_in
           $0578 = bgc_fade_palettes_in.reinitialize
           $05A7 = wnd_set_window_position
           $0B64 = dma_copy.loop
           $0B5E = dma_copy
           $0B68 = dma_copy_end
           $0B72 = sprt_copy_dma.continue
           $0B92 = sprt_load_sprite_palette.load_palette_bytes
           $0BAC = sptr_get_sprite_number_by_character_id.sprite_1
           $0BB4 = sptr_get_sprite_number_by_character_id.default_sprite
           $0BCC = sptr_get_sprite_number_by_gameobject_id.sprite_3
           $0BD4 = sptr_get_sprite_number_by_gameobject_id.next_1
           $0BE3 = sptr_get_sprite_number_by_gameobject_id.sprite_5
           $0BEB = sptr_get_sprite_number_by_gameobject_id.default_sprite
           $05B6 = hud_tiles
           $0B16 = hud_tiles_end
           $04CA = tilecrt_load_tiles
           $0BF3 = text_box_map
           $0C89 = hud_initialize_hud.continue_copy
           $0C57 = text_box_map_end
           $0C73 = hud_initialize_hud.copy_text_box_map
           $0CB9 = hud_initialize_hud.continue_attribute_copy
           $0CA3 = hud_initialize_hud.copy_text_box_map_attribute
           $0EDD = hud_clear_text
           $0CE4 = hud_show_text.skip_start_animation
           $0CF0 = hud_show_text.continue_initialization
           $0D17 = hud_show_text.run_text_box_state_1
           $0D34 = hud_show_text.run_text_box_state_2
           $0E2B = hud_show_text.run_text_box_state_3
           $0E7B = hud_show_text.run_text_box_state_4
           $0EA9 = hud_show_text.run_text_box_state_5
           $0ECA = hud_show_text.run_text_box_state_6
           $041F = time_controlled_two_step_delay
           $0D1B = hud_show_text.move_window
           $0CF8 = hud_show_text.check_current_state
           $0432 = joypad
           $0485 = is_key_held
           $0D5E = hud_show_text.clear_key_down_flag
           $0D63 = hud_show_text.continue_text_rendering
           $0D71 = hud_show_text.long_delay
           $0D74 = hud_show_text.call_adjusted_delay
           $050D = display_wait_vblank
           $0F0D = hud_check_word_break
           $0DFC = hud_show_text.break_line
           $0DC5 = hud_show_text.skip_entire_blank_first_char_checking
           $0DC2 = hud_show_text.break_first_space_checking_loop
           $0DB2 = hud_show_text.skip_char_until_it_is_not_first_line
           $0DD4 = hud_show_text.skip_char
           $0DD1 = hud_show_text.restore_bc_and_go_to_arrow_blinking
           $0E20 = hud_show_text.go_to_arrow_blinking
           $0DEE = hud_show_text.line_2_check
           $0DF1 = hud_show_text.check_if_line_is_full
           $0E1B = hud_show_text.continue_in_the_same_line
           $0DFC = hud_show_text.normal_line_check
           $0E14 = hud_show_text.should_continue_in_next_page
           $0D4C = hud_show_text.load_text_bytes
           $0E48 = hud_show_text.arrow_delay
           $0E43 = hud_show_text.show_arrow
           $0E4B = hud_show_text.read_joypad
           $0E5E = hud_show_text.previous_state_key_pressed
           $0479 = is_key_down
           $0E79 = hud_show_text.end_key_check
           $0E71 = hud_show_text.key_press_detected
           $04A5 = is_key_up
           $0E6A = hud_show_text.clear_previous_key
           $0E92 = hud_show_text.hide_window_or_leave
           $0EA1 = hud_show_text.leave_without_hiding
           $0EAD = hud_show_text.move_window_down
           $0ECC = hud_show_text.leave_text_box_loop
           $0ED1 = hud_copy_text_buffer.text_copy
           $0EF5 = hud_clear_text.clear_line_2
           $0EF8 = hud_clear_text.inner_loop
           $0F04 = hud_clear_text.finish_inner_loop
           $0EE6 = hud_clear_text.outer_loop
           $0F1B = hud_check_word_break.intialize_loop
           $0F28 = hud_check_word_break.check_second_value
           $0F2E = hud_check_word_break.check_meet
           $0F1F = hud_check_word_break.continue_processing
           $0F3C = hud_check_word_break.limit_18
           $0F43 = hud_check_word_break.exceeded
           $0F46 = hud_check_word_break.not_exceeded
           $0B16 = hero_begin
           $0B56 = hero_end
           $0B56 = hero_palette_begin
           $0B5E = hero_palette_end
           $0B88 = sprt_load_sprite_palette
           $107B = chr_normalize_coordinates
           $1084 = chr_calculate_bounding_box_origin
           $12F7 = chr_check_vertical_edges
           $10C0 = chr_move_character_down.continue_collision_check
           $108D = chr_pixel_to_tile
           $1349 = chr_check_vertical_movement
           $10E9 = chr_move_character_down.auto_move
           $1C9C = map_scroll_map_vertically_if_needed
           $10FF = chr_move_character_down.move_left
           $1217 = chr_move_character_right
           $110D = chr_move_character_down.three_tile_case_offset_compensation
           $1115 = chr_move_character_down.move_left_confirmed
           $119E = chr_move_character_left
           $1145 = chr_move_character_up.continue_collision_check
           $116E = chr_move_character_up.auto_move
           $1184 = chr_move_character_up.move_left
           $1192 = chr_move_character_up.three_tile_case_offset_compensation
           $119A = chr_move_character_up.move_left_confirmed
           $1320 = chr_check_horizontal_edges
           $11CA = chr_move_character_left.continue_collision_check
           $13A2 = chr_check_horizontal_movement
           $11F3 = chr_move_character_left.auto_move
           $1C25 = map_scroll_map_horizontally_if_needed
           $1209 = chr_move_character_left.move_up
           $1094 = chr_move_character_down
           $1213 = chr_move_character_left.move_up_confirmed
           $1119 = chr_move_character_up
           $1243 = chr_move_character_right.continue_collision_check
           $126C = chr_move_character_right.auto_move
           $1282 = chr_move_character_right.move_up
           $128C = chr_move_character_right.move_up_confirmed
           $04B1 = joypad_is_dpad_pressed
           $12C7 = chr_player_controlled_character_loop.continue_movement_processing
           $0491 = is_key_down_or_held
           $12D3 = chr_player_controlled_character_loop.check_key_up
           $12DD = chr_player_controlled_character_loop.check_key_left
           $12E9 = chr_player_controlled_character_loop.check_key_right
           $12F6 = chr_player_controlled_character_loop.end_character_movement
           $131B = chr_check_vertical_edges.not_allowed
           $1344 = chr_check_horizontal_edges.not_allowed
           $018E = mul_DE_HL_BCDEu
           $1376 = chr_check_vertical_movement.check_second_tile
           $1290 = chr_get_collision_id
           $1386 = chr_check_vertical_movement.check_third_tile
           $139F = chr_check_vertical_movement.finalize
           $13CF = chr_check_horizontal_movement.check_second_tile
           $13E6 = chr_check_horizontal_movement.finalize
           $1434 = goc_calculate_game_object_address
           $0BBC = sptr_get_sprite_number_by_gameobject_id
           $0B7C = sptr_initialize_sprite
           $143C = goc_calculate_game_object_address.continue_increment
           $0514 = display_wait_for_OAM
           $14A8 = goc_render_gameobject
           $1451 = goc_scroll_game_objects.continue_loop
           $14A4 = goc_detect_collision_width_game_objects.collision_detected
           $1481 = goc_detect_collision_width_game_objects.continue_loop
           $0B9E = sptr_set_sprite_x
           $0B9C = sptr_set_sprite_y
           $1510 = map_load_room.base_8000
           $1513 = map_load_room.continue_offset_tile_id_calculation
           $0150 = div_DE_BC_DEBCu
           $1904 = map_screen_width_times_screen_height
           $1555 = map_load_room.skip_palette_load
           $1557 = map_load_room.palette_loaded_skipped
           $1583 = map_load_room.skip_tiles_load
           $1587 = map_load_room.tile_loaded_skipped
           $1C08 = check_animation_direction
           $16F9 = map_load_room.vertical_scrolling
           $1ACF = map_calculate_first_tile_column
           $1941 = map_adjust_final_map_x
           $1A70 = map_calculate_first_address_in_LUT_horizontal
           $18CE = map_width_times_height
           $19C6 = map_load_tile_and_attribute_horizontal
           $15FA = map_load_room.tile_loading_inner_loop_horizontal
           $16A6 = map_load_room.complete_map_loading_horizontal
           $1658 = map_load_room.is_next_column_is_right
           $1654 = map_load_room.skip_camera_movement_left
           $1BCF = map_scroll_bg_horizontally_with_animation
           $1668 = map_load_room.horizontal_animation_complete
           $1666 = map_load_room.skip_camera_movement_right
           $168B = map_load_room.increment_column
           $16A0 = map_load_room.save_column
           $1A45 = map_wrap_around_detector_horizontal
           $15DB = map_load_room.tile_loading_outer_loop_horizontal
           $16B3 = map_load_room.scroll_up_h
           $16B5 = map_load_room.last_scroll_h
           $16D5 = map_load_room.final_left_position
           $18BD = map_adjust_character_offset
           $16DD = map_load_room.adjust_x_position
           $1866 = map_load_logic_layer
           $1AF7 = map_calculate_first_tile_row
           $191E = map_adjust_final_map_y
           $1A9A = map_calculate_first_address_in_LUT_vertical
           $1721 = map_load_room.adjust_position
           $1738 = map_load_room.continue_variable_initialization
           $1964 = map_load_tile_and_attribute_vertical
           $1740 = map_load_room.tile_loading_inner_loop_vertical
           $17FC = map_load_room.complete_map_loading_vertical
           $1797 = map_load_room.is_next_row_is_below
           $17B0 = map_load_room.skip_vertical_animation
           $1B2C = map_scroll_bg_vertically_with_animation
           $17DA = map_load_room.increment_row
           $17F6 = map_load_room.save_row
           $1A1A = map_wrap_around_detector
           $1712 = map_load_room.tile_loading_outer_loop_vertical
           $180A = map_load_room.scroll_on_last_time
           $1BFC = map_scroll_bg_to_target_position_without_animation
           $1820 = map_load_room.map_load_complete
           $1817 = map_load_room.scroll_up
           $1819 = map_load_room.last_scroll
           $1862 = map_load_room.load_logic
           $1842 = map_load_room.final_up_position
           $184A = map_load_room.adjust_y_position
           $189A = map_load_logic_layer.inner_loop
           $1896 = map_load_logic_layer.outer_loop
           $193F = map_adjust_final_map_y.return
           $1935 = map_adjust_final_map_y.skip_correction
           $192D = map_adjust_final_map_y.decrement
           $1962 = map_adjust_final_map_x.return
           $1958 = map_adjust_final_map_x.skip_correction
           $1950 = map_adjust_final_map_x.decrement
           $1987 = map_load_tile_and_attribute_vertical.skip_decrement
           $198A = map_load_tile_and_attribute_vertical.continue_calculation
           $1991 = map_load_tile_and_attribute_vertical.no_correction
           $19D8 = map_load_tile_and_attribute_horizontal.no_correction
           $1A34 = map_wrap_around_detector.is_next_row_is_below
           $1A44 = map_wrap_around_detector.no_wrap_around
           $1A5F = map_wrap_around_detector_horizontal.is_next_column_is_right
           $1A6F = map_wrap_around_detector_horizontal.no_wrap_around
           $1A99 = map_calculate_first_address_in_LUT_horizontal.is_movement_to_the_right
           $1A99 = map_calculate_first_address_in_LUT_horizontal.end_condition
           $1AA7 = map_calculate_first_address_in_LUT_vertical.check_the_directions
           $1ACE = map_calculate_first_address_in_LUT_vertical.end_condition
           $1ACE = map_calculate_first_address_in_LUT_vertical.is_movement_downwards
           $1AE2 = map_calculate_first_tile_column.is_movement_right
           $1AE0 = map_calculate_first_tile_column.no_wrap_around_to_31
           $1AF6 = map_calculate_first_tile_column.end_condition
           $1AF5 = map_calculate_first_tile_column.no_wrap_around_to_0
           $1B04 = map_calculate_first_tile_row.check_the_directions
           $1B2B = map_calculate_first_tile_row.end_condition
           $1B17 = map_calculate_first_tile_row.is_movement_downwards
           $1B15 = map_calculate_first_tile_row.no_wrap_around_to_31
           $1B2A = map_calculate_first_tile_row.no_wrap_around_to_0
           $1B46 = map_scroll_bg_vertically_with_animation.scroll_up
           $1B94 = map_move_player_character_vertically
           $1B50 = map_scroll_bg_vertically_with_animation.scroll_complete
           $1B2F = map_scroll_bg_vertically_with_animation.one_more
           $1B68 = map_move_player_character_horizontally.right_values
           $1B6C = map_move_player_character_horizontally.animate
           $1B78 = map_move_player_character_horizontally.single_increment
           $1B87 = map_move_player_character_horizontally.double_increment
           $1B93 = map_move_player_character_horizontally.complete
           $1BA3 = map_move_player_character_vertically.down_values
           $1BA7 = map_move_player_character_vertically.animate
           $1BB3 = map_move_player_character_vertically.single_increment
           $1BC2 = map_move_player_character_vertically.double_increment
           $1BCE = map_move_player_character_vertically.complete
           $1BE9 = map_scroll_bg_horizontally_with_animation.scroll_right
           $1B59 = map_move_player_character_horizontally
           $1BF3 = map_scroll_bg_horizontally_with_animation.scroll_complete
           $1BD2 = map_scroll_bg_horizontally_with_animation.one_more
           $1C1B = check_animation_direction.does_not_match
           $1C69 = map_scroll_map_horizontally_if_needed.scroll_right
           $1C2A = map_scroll_map_horizontally_if_needed.wait
           $1C9B = map_scroll_map_horizontally_if_needed.finish
           $1C6A = map_scroll_map_horizontally_if_needed.wait_2
           $1CE0 = map_scroll_map_vertically_if_needed.scroll_down
           $1CA1 = map_scroll_map_vertically_if_needed.wait
           $1D12 = map_scroll_map_vertically_if_needed.finish
           $1CE1 = map_scroll_map_vertically_if_needed.wait_2
           $13E9 = goc_initialize_game_object
           $1D36 = sample_map_palette_begin
           $1D66 = sample_map_palette_end
           $1D66 = sample_map_tiles_begin
           $1EA6 = sample_map_tiles_end
           $0B69 = sprt_copy_dma
           $0503 = initialize_tile_counter
           $051F = bgc_initialize_background
           $059F = wnd_initialize_window
           $0C57 = hud_initialize_hud
           $05AE = hud_palette_begin
           $05B6 = hud_palette_end
           $1043 = chr_load_character_tiles_and_palettes
           $105E = chr_initialize_character
           $14C5 = map_initialize_map_controller
           $1EA6 = sample_room_begin
           $14D8 = map_load_room
           $12A5 = chr_clear_collision
           $04BE = joypad_initialize
           $12B3 = chr_player_controlled_character_loop
           $3C63 = main.room_1_loop
           $3BE6 = main.edge_detection
           $0FBA = dialog_page_up_end
           $0F88 = dialog_page_up
           $0ECD = hud_copy_text_buffer
           $0CBE = hud_show_text
           $3BFF = main.load_room_left
           $3C18 = main.load_room_right
           $3C31 = main.load_room_top
           $3C4A = main.load_room_bottom
           $3D8B = main.edge_check_complete
           $343F = sample_room_left_begin
           $22E9 = sample_room_right_begin
           $2BF4 = sample_room_top_begin
           $344A = sample_room_bottom_begin
           $3CAD = main.room_2_loop
           $3C8A = main.edge_detection_right
           $101C = dialog_page_right_end
           $0FE9 = dialog_page_right
           $3C94 = main.load_room_left_back_to_center
           $3CF7 = main.room_3_loop
           $3CD4 = main.edge_detection_left
           $0FE9 = dialog_page_left_end
           $0FBA = dialog_page_left
           $3CDE = main.load_room_right_back_to_center
           $3D41 = main.room_4_loop
           $3D1E = main.edge_detection_down
           $1043 = dialog_page_down_end
           $101C = dialog_page_down
           $3D28 = main.load_room_below_back_to_center
           $3D68 = main.edge_detection_up
           $3D72 = main.load_room_above_back_to_center
           $3BB4 = main.main_loop
           $0AC6 = hud_tilesTLE81
           $0AB6 = hud_tilesTLE80
           $0AE6 = hud_tilesTLE83
           $0AD6 = hud_tilesTLE82
           $0B06 = hud_tilesTLE85
           $0AF6 = hud_tilesTLE84
           $06D6 = hud_tilesTLE18
           $06E6 = hud_tilesTLE19
           $0656 = hud_tilesTLE10
           $0666 = hud_tilesTLE11
           $0676 = hud_tilesTLE12
           $0686 = hud_tilesTLE13
           $0696 = hud_tilesTLE14
           $06A6 = hud_tilesTLE15
           $06B6 = hud_tilesTLE16
           $06C6 = hud_tilesTLE17
           $0816 = hud_tilesTLE38
           $0826 = hud_tilesTLE39
           $07B6 = hud_tilesTLE32
           $07C6 = hud_tilesTLE33
           $0796 = hud_tilesTLE30
           $07A6 = hud_tilesTLE31
           $07F6 = hud_tilesTLE36
           $0806 = hud_tilesTLE37
           $07D6 = hud_tilesTLE34
           $07E6 = hud_tilesTLE35
           $0956 = hud_tilesTLE58
           $0966 = hud_tilesTLE59
           $0916 = hud_tilesTLE54
           $0926 = hud_tilesTLE55
           $0936 = hud_tilesTLE56
           $0946 = hud_tilesTLE57
           $08D6 = hud_tilesTLE50
           $08E6 = hud_tilesTLE51
           $08F6 = hud_tilesTLE52
           $0906 = hud_tilesTLE53
           $0786 = hud_tilesTLE29
           $0776 = hud_tilesTLE28
           $0726 = hud_tilesTLE23
           $0716 = hud_tilesTLE22
           $0706 = hud_tilesTLE21
           $06F6 = hud_tilesTLE20
           $0766 = hud_tilesTLE27
           $0756 = hud_tilesTLE26
           $0746 = hud_tilesTLE25
           $0736 = hud_tilesTLE24
           $0A96 = hud_tilesTLE78
           $0AA6 = hud_tilesTLE79
           $0A76 = hud_tilesTLE76
           $0A86 = hud_tilesTLE77
           $0A56 = hud_tilesTLE74
           $0A66 = hud_tilesTLE75
           $0A36 = hud_tilesTLE72
           $0A46 = hud_tilesTLE73
           $0A16 = hud_tilesTLE70
           $0A26 = hud_tilesTLE71
           $08C6 = hud_tilesTLE49
           $08B6 = hud_tilesTLE48
           $0886 = hud_tilesTLE45
           $0876 = hud_tilesTLE44
           $08A6 = hud_tilesTLE47
           $0896 = hud_tilesTLE46
           $0846 = hud_tilesTLE41
           $0836 = hud_tilesTLE40
           $0866 = hud_tilesTLE43
           $0856 = hud_tilesTLE42
           $0A06 = hud_tilesTLE69
           $09F6 = hud_tilesTLE68
           $09E6 = hud_tilesTLE67
           $09D6 = hud_tilesTLE66
           $09C6 = hud_tilesTLE65
           $09B6 = hud_tilesTLE64
           $09A6 = hud_tilesTLE63
           $0996 = hud_tilesTLE62
           $0986 = hud_tilesTLE61
           $0976 = hud_tilesTLE60
           $0646 = hud_tilesTLE9
           $0636 = hud_tilesTLE8
           $05C6 = hud_tilesTLE1
           $05B6 = hud_tilesTLE0
           $05E6 = hud_tilesTLE3
           $05D6 = hud_tilesTLE2
           $0606 = hud_tilesTLE5
           $05F6 = hud_tilesTLE4
           $0626 = hud_tilesTLE7
           $0616 = hud_tilesTLE6
    SLACK: $036E bytes

WRAM Bank #0:
  EMPTY

WRAM Bank #1:
  EMPTY

WRAM Bank #2:
  EMPTY

WRAM Bank #3:
  EMPTY

WRAM Bank #4:
  EMPTY

WRAM Bank #5:
  EMPTY

WRAM Bank #6:
  EMPTY

WRAM Bank #7:
  EMPTY

VRAM Bank #0:
  EMPTY

VRAM Bank #1:
  EMPTY

OAM:
  EMPTY

HRAM:
  EMPTY

SRAM Bank #0:
  EMPTY

SRAM Bank #1:
  EMPTY

SRAM Bank #2:
  EMPTY

SRAM Bank #3:
  EMPTY

SRAM Bank #4:
  EMPTY

SRAM Bank #5:
  EMPTY

SRAM Bank #6:
  EMPTY

SRAM Bank #7:
  EMPTY

SRAM Bank #8:
  EMPTY

SRAM Bank #9:
  EMPTY

SRAM Bank #10:
  EMPTY

SRAM Bank #11:
  EMPTY

SRAM Bank #12:
  EMPTY

SRAM Bank #13:
  EMPTY

SRAM Bank #14:
  EMPTY

SRAM Bank #15:
  EMPTY

