ROM Bank #0 (HOME):
  SECTION: $0040-$0040 ($0001 bytes) ["interrupt_vector"]
  SECTION: $0100-$3D66 ($3C67 bytes) ["start"]
           $3B30 = main
           $018B = div_DE_BC_DEBCu.noadd
           $0167 = div_DE_BC_DEBCu.nxtbit
           $019A = mul_DE_HL_BCDEu.mul2
           $01A0 = mul_DE_HL_BCDEu.mul3
           $01A6 = mul_DE_HL_BCDEu.mul4
           $01AC = mul_DE_HL_BCDEu.mul5
           $01B2 = mul_DE_HL_BCDEu.mul6
           $01B8 = mul_DE_HL_BCDEu.mul7
           $01BE = mul_DE_HL_BCDEu.mul8
           $01C4 = mul_DE_HL_BCDEu.mul9
           $01CF = mul_DE_HL_BCDEu.mul20
           $01D5 = mul_DE_HL_BCDEu.mul21
           $01DB = mul_DE_HL_BCDEu.mul22
           $01E1 = mul_DE_HL_BCDEu.mul23
           $01E7 = mul_DE_HL_BCDEu.mul24
           $01ED = mul_DE_HL_BCDEu.mul25
           $01F3 = mul_DE_HL_BCDEu.mul26
           $01F9 = mul_DE_HL_BCDEu.mul27
           $0208 = MULTAB
           $0423 = time_controlled_two_step_delay.inner_loop
           $0422 = time_controlled_two_step_delay.outer_loop
           $0482 = is_key_down.not_detected
           $048E = is_key_held.not_detected
           $04A2 = is_key_down_or_held.not_detected
           $04AE = is_key_up.not_detected
           $04BB = joypad_is_dpad_pressed.not_pressed
           $04D3 = tilecrt_load_tiles.check_second_byte
           $04E9 = tilecrt_load_tiles.skip_auto_placement
           $04EA = tilecrt_load_tiles.copy_tile
           $050D = display_wait_vblank.wait_vblank
           $0514 = display_wait_for_OAM.wait_oam
           $055D = clear_lcd
           $0533 = bgc_load_background_palette.load_palette_bytes
           $0529 = bgc_load_background_palette
           $056E = bgc_wait_for_VRAM
           $054A = bgc_load_palettes_for_fade.continue_loading
           $0561 = clear_lcd.wait_vblank
           $0572 = bgc_wait_for_VRAM.wait_for_vram
           $058F = bgc_fade_palettes_in.skip_update
           $0582 = bgc_fade_palettes_in.continue_fading_in
           $0578 = bgc_fade_palettes_in.reinitialize
           $05A7 = wnd_set_window_position
           $0B64 = dma_copy.loop
           $0B5E = dma_copy
           $0B68 = dma_copy_end
           $0B72 = sprt_copy_dma.continue
           $0B81 = sprt_clear_sprites.continue
           $0BA1 = sprt_load_sprite_palette.load_palette_bytes
           $0BBB = sptr_get_sprite_number_by_gameobject_id.sprite_3
           $0BC3 = sptr_get_sprite_number_by_gameobject_id.next_1
           $0BD2 = sptr_get_sprite_number_by_gameobject_id.sprite_5
           $0BDA = sptr_get_sprite_number_by_gameobject_id.default_sprite
           $05B6 = hud_tiles
           $0B16 = hud_tiles_end
           $04CA = tilecrt_load_tiles
           $0BE2 = text_box_map
           $0C78 = hud_initialize_hud.continue_copy
           $0C46 = text_box_map_end
           $0C62 = hud_initialize_hud.copy_text_box_map
           $0CA8 = hud_initialize_hud.continue_attribute_copy
           $0C92 = hud_initialize_hud.copy_text_box_map_attribute
           $0ECC = hud_clear_text
           $0CD3 = hud_show_text.skip_start_animation
           $0CDF = hud_show_text.continue_initialization
           $0D06 = hud_show_text.run_text_box_state_1
           $0D23 = hud_show_text.run_text_box_state_2
           $0E1A = hud_show_text.run_text_box_state_3
           $0E6A = hud_show_text.run_text_box_state_4
           $0E98 = hud_show_text.run_text_box_state_5
           $0EB9 = hud_show_text.run_text_box_state_6
           $041F = time_controlled_two_step_delay
           $0D0A = hud_show_text.move_window
           $0CE7 = hud_show_text.check_current_state
           $0432 = joypad
           $0485 = is_key_held
           $0D4D = hud_show_text.clear_key_down_flag
           $0D52 = hud_show_text.continue_text_rendering
           $0D60 = hud_show_text.long_delay
           $0D63 = hud_show_text.call_adjusted_delay
           $050D = display_wait_vblank
           $0EFC = hud_check_word_break
           $0DEB = hud_show_text.break_line
           $0DB4 = hud_show_text.skip_entire_blank_first_char_checking
           $0DB1 = hud_show_text.break_first_space_checking_loop
           $0DA1 = hud_show_text.skip_char_until_it_is_not_first_line
           $0DC3 = hud_show_text.skip_char
           $0DC0 = hud_show_text.restore_bc_and_go_to_arrow_blinking
           $0E0F = hud_show_text.go_to_arrow_blinking
           $0DDD = hud_show_text.line_2_check
           $0DE0 = hud_show_text.check_if_line_is_full
           $0E0A = hud_show_text.continue_in_the_same_line
           $0DEB = hud_show_text.normal_line_check
           $0E03 = hud_show_text.should_continue_in_next_page
           $0D3B = hud_show_text.load_text_bytes
           $0E37 = hud_show_text.arrow_delay
           $0E32 = hud_show_text.show_arrow
           $0E3A = hud_show_text.read_joypad
           $0E4D = hud_show_text.previous_state_key_pressed
           $0479 = is_key_down
           $0E68 = hud_show_text.end_key_check
           $0E60 = hud_show_text.key_press_detected
           $04A5 = is_key_up
           $0E59 = hud_show_text.clear_previous_key
           $0E81 = hud_show_text.hide_window_or_leave
           $0E90 = hud_show_text.leave_without_hiding
           $0E9C = hud_show_text.move_window_down
           $0EBB = hud_show_text.leave_text_box_loop
           $0EC0 = hud_copy_text_buffer.text_copy
           $0EE4 = hud_clear_text.clear_line_2
           $0EE7 = hud_clear_text.inner_loop
           $0EF3 = hud_clear_text.finish_inner_loop
           $0ED5 = hud_clear_text.outer_loop
           $0F0A = hud_check_word_break.intialize_loop
           $0F17 = hud_check_word_break.check_second_value
           $0F1D = hud_check_word_break.check_meet
           $0F0E = hud_check_word_break.continue_processing
           $0F2B = hud_check_word_break.limit_18
           $0F32 = hud_check_word_break.exceeded
           $0F35 = hud_check_word_break.not_exceeded
           $0B16 = hero_begin
           $0B56 = hero_end
           $0B56 = hero_palette_begin
           $0B5E = hero_palette_end
           $0B97 = sprt_load_sprite_palette
           $106A = chr_normalize_coordinates
           $1073 = chr_calculate_bounding_box_origin
           $12E6 = chr_check_vertical_edges
           $10AF = chr_move_character_down.continue_collision_check
           $107C = chr_pixel_to_tile
           $1338 = chr_check_vertical_movement
           $10D8 = chr_move_character_down.auto_move
           $1C6F = map_scroll_map_vertically_if_needed
           $10EE = chr_move_character_down.move_left
           $1206 = chr_move_character_right
           $10FC = chr_move_character_down.three_tile_case_offset_compensation
           $1104 = chr_move_character_down.move_left_confirmed
           $118D = chr_move_character_left
           $1134 = chr_move_character_up.continue_collision_check
           $115D = chr_move_character_up.auto_move
           $1173 = chr_move_character_up.move_left
           $1181 = chr_move_character_up.three_tile_case_offset_compensation
           $1189 = chr_move_character_up.move_left_confirmed
           $130F = chr_check_horizontal_edges
           $11B9 = chr_move_character_left.continue_collision_check
           $1391 = chr_check_horizontal_movement
           $11E2 = chr_move_character_left.auto_move
           $1BF8 = map_scroll_map_horizontally_if_needed
           $11F8 = chr_move_character_left.move_up
           $1083 = chr_move_character_down
           $1202 = chr_move_character_left.move_up_confirmed
           $1108 = chr_move_character_up
           $1232 = chr_move_character_right.continue_collision_check
           $125B = chr_move_character_right.auto_move
           $1271 = chr_move_character_right.move_up
           $127B = chr_move_character_right.move_up_confirmed
           $04B1 = joypad_is_dpad_pressed
           $12B6 = chr_player_controlled_character_loop.continue_movement_processing
           $0491 = is_key_down_or_held
           $12C2 = chr_player_controlled_character_loop.check_key_up
           $12CC = chr_player_controlled_character_loop.check_key_left
           $12D8 = chr_player_controlled_character_loop.check_key_right
           $12E5 = chr_player_controlled_character_loop.end_character_movement
           $130A = chr_check_vertical_edges.not_allowed
           $1333 = chr_check_horizontal_edges.not_allowed
           $018E = mul_DE_HL_BCDEu
           $1365 = chr_check_vertical_movement.check_second_tile
           $127F = chr_get_collision_id
           $1375 = chr_check_vertical_movement.check_third_tile
           $138E = chr_check_vertical_movement.finalize
           $13BE = chr_check_horizontal_movement.check_second_tile
           $13D5 = chr_check_horizontal_movement.finalize
           $1423 = goc_calculate_game_object_address
           $0BAB = sptr_get_sprite_number_by_gameobject_id
           $0B8B = sptr_initialize_sprite
           $142B = goc_calculate_game_object_address.continue_increment
           $0514 = display_wait_for_OAM
           $1497 = goc_render_gameobject
           $1440 = goc_scroll_game_objects.continue_loop
           $1493 = goc_detect_collision_width_game_objects.collision_detected
           $1470 = goc_detect_collision_width_game_objects.continue_loop
           $14E3 = map_load_room.base_8000
           $14E6 = map_load_room.continue_offset_tile_id_calculation
           $0150 = div_DE_BC_DEBCu
           $18D7 = map_screen_width_times_screen_height
           $1528 = map_load_room.skip_palette_load
           $152A = map_load_room.palette_loaded_skipped
           $1556 = map_load_room.skip_tiles_load
           $155A = map_load_room.tile_loaded_skipped
           $1BDB = check_animation_direction
           $16CC = map_load_room.vertical_scrolling
           $1AA2 = map_calculate_first_tile_column
           $1914 = map_adjust_final_map_x
           $1A43 = map_calculate_first_address_in_LUT_horizontal
           $18A1 = map_width_times_height
           $1999 = map_load_tile_and_attribute_horizontal
           $15CD = map_load_room.tile_loading_inner_loop_horizontal
           $1679 = map_load_room.complete_map_loading_horizontal
           $162B = map_load_room.is_next_column_is_right
           $1627 = map_load_room.skip_camera_movement_left
           $1BA2 = map_scroll_bg_horizontally_with_animation
           $163B = map_load_room.horizontal_animation_complete
           $1639 = map_load_room.skip_camera_movement_right
           $165E = map_load_room.increment_column
           $1673 = map_load_room.save_column
           $1A18 = map_wrap_around_detector_horizontal
           $15AE = map_load_room.tile_loading_outer_loop_horizontal
           $1686 = map_load_room.scroll_up_h
           $1688 = map_load_room.last_scroll_h
           $16A8 = map_load_room.final_left_position
           $1890 = map_adjust_character_offset
           $16B0 = map_load_room.adjust_x_position
           $1839 = map_load_logic_layer
           $1ACA = map_calculate_first_tile_row
           $18F1 = map_adjust_final_map_y
           $1A6D = map_calculate_first_address_in_LUT_vertical
           $16F4 = map_load_room.adjust_position
           $170B = map_load_room.continue_variable_initialization
           $1937 = map_load_tile_and_attribute_vertical
           $1713 = map_load_room.tile_loading_inner_loop_vertical
           $17CF = map_load_room.complete_map_loading_vertical
           $176A = map_load_room.is_next_row_is_below
           $1783 = map_load_room.skip_vertical_animation
           $1AFF = map_scroll_bg_vertically_with_animation
           $17AD = map_load_room.increment_row
           $17C9 = map_load_room.save_row
           $19ED = map_wrap_around_detector
           $16E5 = map_load_room.tile_loading_outer_loop_vertical
           $17DD = map_load_room.scroll_on_last_time
           $1BCF = map_scroll_bg_to_target_position_without_animation
           $17F3 = map_load_room.map_load_complete
           $17EA = map_load_room.scroll_up
           $17EC = map_load_room.last_scroll
           $1835 = map_load_room.load_logic
           $1815 = map_load_room.final_up_position
           $181D = map_load_room.adjust_y_position
           $186D = map_load_logic_layer.inner_loop
           $1869 = map_load_logic_layer.outer_loop
           $1912 = map_adjust_final_map_y.return
           $1908 = map_adjust_final_map_y.skip_correction
           $1900 = map_adjust_final_map_y.decrement
           $1935 = map_adjust_final_map_x.return
           $192B = map_adjust_final_map_x.skip_correction
           $1923 = map_adjust_final_map_x.decrement
           $195A = map_load_tile_and_attribute_vertical.skip_decrement
           $195D = map_load_tile_and_attribute_vertical.continue_calculation
           $1964 = map_load_tile_and_attribute_vertical.no_correction
           $19AB = map_load_tile_and_attribute_horizontal.no_correction
           $1A07 = map_wrap_around_detector.is_next_row_is_below
           $1A17 = map_wrap_around_detector.no_wrap_around
           $1A32 = map_wrap_around_detector_horizontal.is_next_column_is_right
           $1A42 = map_wrap_around_detector_horizontal.no_wrap_around
           $1A6C = map_calculate_first_address_in_LUT_horizontal.is_movement_to_the_right
           $1A6C = map_calculate_first_address_in_LUT_horizontal.end_condition
           $1A7A = map_calculate_first_address_in_LUT_vertical.check_the_directions
           $1AA1 = map_calculate_first_address_in_LUT_vertical.end_condition
           $1AA1 = map_calculate_first_address_in_LUT_vertical.is_movement_downwards
           $1AB5 = map_calculate_first_tile_column.is_movement_right
           $1AB3 = map_calculate_first_tile_column.no_wrap_around_to_31
           $1AC9 = map_calculate_first_tile_column.end_condition
           $1AC8 = map_calculate_first_tile_column.no_wrap_around_to_0
           $1AD7 = map_calculate_first_tile_row.check_the_directions
           $1AFE = map_calculate_first_tile_row.end_condition
           $1AEA = map_calculate_first_tile_row.is_movement_downwards
           $1AE8 = map_calculate_first_tile_row.no_wrap_around_to_31
           $1AFD = map_calculate_first_tile_row.no_wrap_around_to_0
           $1B19 = map_scroll_bg_vertically_with_animation.scroll_up
           $1B67 = map_move_player_character_vertically
           $1B23 = map_scroll_bg_vertically_with_animation.scroll_complete
           $1B02 = map_scroll_bg_vertically_with_animation.one_more
           $1B3B = map_move_player_character_horizontally.right_values
           $1B3F = map_move_player_character_horizontally.animate
           $1B4B = map_move_player_character_horizontally.single_increment
           $1B5A = map_move_player_character_horizontally.double_increment
           $1B66 = map_move_player_character_horizontally.complete
           $1B76 = map_move_player_character_vertically.down_values
           $1B7A = map_move_player_character_vertically.animate
           $1B86 = map_move_player_character_vertically.single_increment
           $1B95 = map_move_player_character_vertically.double_increment
           $1BA1 = map_move_player_character_vertically.complete
           $1BBC = map_scroll_bg_horizontally_with_animation.scroll_right
           $1B2C = map_move_player_character_horizontally
           $1BC6 = map_scroll_bg_horizontally_with_animation.scroll_complete
           $1BA5 = map_scroll_bg_horizontally_with_animation.one_more
           $1BEE = check_animation_direction.does_not_match
           $1C3C = map_scroll_map_horizontally_if_needed.scroll_right
           $1BFD = map_scroll_map_horizontally_if_needed.wait
           $1C6E = map_scroll_map_horizontally_if_needed.finish
           $1C3D = map_scroll_map_horizontally_if_needed.wait_2
           $1CB3 = map_scroll_map_vertically_if_needed.scroll_down
           $1C74 = map_scroll_map_vertically_if_needed.wait
           $1CE5 = map_scroll_map_vertically_if_needed.finish
           $1CB4 = map_scroll_map_vertically_if_needed.wait_2
           $13D8 = goc_initialize_game_object
           $1D09 = sample_map_palette_begin
           $1D39 = sample_map_palette_end
           $1D39 = sample_map_tiles_begin
           $1E79 = sample_map_tiles_end
           $0B69 = sprt_copy_dma
           $0503 = initialize_tile_counter
           $051F = bgc_initialize_background
           $059F = wnd_initialize_window
           $0C46 = hud_initialize_hud
           $05AE = hud_palette_begin
           $05B6 = hud_palette_end
           $1032 = chr_load_character_tiles_and_palettes
           $0B7C = sprt_clear_sprites
           $104D = chr_initialize_character
           $1498 = map_initialize_map_controller
           $1E79 = sample_room_begin
           $14AB = map_load_room
           $1294 = chr_clear_collision
           $04BE = joypad_initialize
           $12A2 = chr_player_controlled_character_loop
           $3C39 = main.room_1_loop
           $3BBC = main.edge_detection
           $0FA9 = dialog_page_up_end
           $0F77 = dialog_page_up
           $0EBC = hud_copy_text_buffer
           $0CAD = hud_show_text
           $3BD5 = main.load_room_left
           $3BEE = main.load_room_right
           $3C07 = main.load_room_top
           $3C20 = main.load_room_bottom
           $3D61 = main.edge_check_complete
           $3412 = sample_room_left_begin
           $22BC = sample_room_right_begin
           $2BC7 = sample_room_top_begin
           $341D = sample_room_bottom_begin
           $3C83 = main.room_2_loop
           $3C60 = main.edge_detection_right
           $100B = dialog_page_right_end
           $0FD8 = dialog_page_right
           $3C6A = main.load_room_left_back_to_center
           $3CCD = main.room_3_loop
           $3CAA = main.edge_detection_left
           $0FD8 = dialog_page_left_end
           $0FA9 = dialog_page_left
           $3CB4 = main.load_room_right_back_to_center
           $3D17 = main.room_4_loop
           $3CF4 = main.edge_detection_down
           $1032 = dialog_page_down_end
           $100B = dialog_page_down
           $3CFE = main.load_room_below_back_to_center
           $3D3E = main.edge_detection_up
           $3D48 = main.load_room_above_back_to_center
           $3B8A = main.main_loop
           $0AC6 = hud_tilesTLE81
           $0AB6 = hud_tilesTLE80
           $0AE6 = hud_tilesTLE83
           $0AD6 = hud_tilesTLE82
           $0B06 = hud_tilesTLE85
           $0AF6 = hud_tilesTLE84
           $06D6 = hud_tilesTLE18
           $06E6 = hud_tilesTLE19
           $0656 = hud_tilesTLE10
           $0666 = hud_tilesTLE11
           $0676 = hud_tilesTLE12
           $0686 = hud_tilesTLE13
           $0696 = hud_tilesTLE14
           $06A6 = hud_tilesTLE15
           $06B6 = hud_tilesTLE16
           $06C6 = hud_tilesTLE17
           $0816 = hud_tilesTLE38
           $0826 = hud_tilesTLE39
           $07B6 = hud_tilesTLE32
           $07C6 = hud_tilesTLE33
           $0796 = hud_tilesTLE30
           $07A6 = hud_tilesTLE31
           $07F6 = hud_tilesTLE36
           $0806 = hud_tilesTLE37
           $07D6 = hud_tilesTLE34
           $07E6 = hud_tilesTLE35
           $0956 = hud_tilesTLE58
           $0966 = hud_tilesTLE59
           $0916 = hud_tilesTLE54
           $0926 = hud_tilesTLE55
           $0936 = hud_tilesTLE56
           $0946 = hud_tilesTLE57
           $08D6 = hud_tilesTLE50
           $08E6 = hud_tilesTLE51
           $08F6 = hud_tilesTLE52
           $0906 = hud_tilesTLE53
           $0786 = hud_tilesTLE29
           $0776 = hud_tilesTLE28
           $0726 = hud_tilesTLE23
           $0716 = hud_tilesTLE22
           $0706 = hud_tilesTLE21
           $06F6 = hud_tilesTLE20
           $0766 = hud_tilesTLE27
           $0756 = hud_tilesTLE26
           $0746 = hud_tilesTLE25
           $0736 = hud_tilesTLE24
           $0A96 = hud_tilesTLE78
           $0AA6 = hud_tilesTLE79
           $0A76 = hud_tilesTLE76
           $0A86 = hud_tilesTLE77
           $0A56 = hud_tilesTLE74
           $0A66 = hud_tilesTLE75
           $0A36 = hud_tilesTLE72
           $0A46 = hud_tilesTLE73
           $0A16 = hud_tilesTLE70
           $0A26 = hud_tilesTLE71
           $08C6 = hud_tilesTLE49
           $08B6 = hud_tilesTLE48
           $0886 = hud_tilesTLE45
           $0876 = hud_tilesTLE44
           $08A6 = hud_tilesTLE47
           $0896 = hud_tilesTLE46
           $0846 = hud_tilesTLE41
           $0836 = hud_tilesTLE40
           $0866 = hud_tilesTLE43
           $0856 = hud_tilesTLE42
           $0A06 = hud_tilesTLE69
           $09F6 = hud_tilesTLE68
           $09E6 = hud_tilesTLE67
           $09D6 = hud_tilesTLE66
           $09C6 = hud_tilesTLE65
           $09B6 = hud_tilesTLE64
           $09A6 = hud_tilesTLE63
           $0996 = hud_tilesTLE62
           $0986 = hud_tilesTLE61
           $0976 = hud_tilesTLE60
           $0646 = hud_tilesTLE9
           $0636 = hud_tilesTLE8
           $05C6 = hud_tilesTLE1
           $05B6 = hud_tilesTLE0
           $05E6 = hud_tilesTLE3
           $05D6 = hud_tilesTLE2
           $0606 = hud_tilesTLE5
           $05F6 = hud_tilesTLE4
           $0626 = hud_tilesTLE7
           $0616 = hud_tilesTLE6
    SLACK: $0398 bytes

WRAM Bank #0:
  EMPTY

WRAM Bank #1:
  EMPTY

WRAM Bank #2:
  EMPTY

WRAM Bank #3:
  EMPTY

WRAM Bank #4:
  EMPTY

WRAM Bank #5:
  EMPTY

WRAM Bank #6:
  EMPTY

WRAM Bank #7:
  EMPTY

VRAM Bank #0:
  EMPTY

VRAM Bank #1:
  EMPTY

OAM:
  EMPTY

HRAM:
  EMPTY

SRAM Bank #0:
  EMPTY

SRAM Bank #1:
  EMPTY

SRAM Bank #2:
  EMPTY

SRAM Bank #3:
  EMPTY

SRAM Bank #4:
  EMPTY

SRAM Bank #5:
  EMPTY

SRAM Bank #6:
  EMPTY

SRAM Bank #7:
  EMPTY

SRAM Bank #8:
  EMPTY

SRAM Bank #9:
  EMPTY

SRAM Bank #10:
  EMPTY

SRAM Bank #11:
  EMPTY

SRAM Bank #12:
  EMPTY

SRAM Bank #13:
  EMPTY

SRAM Bank #14:
  EMPTY

SRAM Bank #15:
  EMPTY

